// Jest Snapshot v1, https://goo.gl/fbAQLP

exports[`ChatConvo Component Snapshot Test: Default 1`] = `
<div
  style={
    Object {
      "border": "1px solid black",
      "margin": "2rem auto",
      "maxWidth": "600px",
      "overflowY": "auto",
      "padding": "1rem",
      "textAlign": "left",
    }
  }
>
  <ol>
    Bixbot: Error Retrieving Message
  </ol>
</div>
`;
