// Jest Snapshot v1, https://goo.gl/fbAQLP

exports[`ChatSelector Component Snapshot Test: Empty 1`] = `
<ChatSelector>
  <div
    className="chat-selector"
  >
    <label
      htmlFor="chat-select"
    >
      Chat Room:
    </label>
    <select
      id="chat-select"
      name="chat-select"
      onChange={[Function]}
    >
      <option
        className="chat-select-option"
        key="0"
        value="Global"
      >
        Global
      </option>
      <option
        className="chat-select-option"
        key="1"
        value="Artists"
      >
        Artists
      </option>
      <option
        className="chat-select-option"
        key="2"
        value="Songs"
      >
        Songs
      </option>
    </select>
  </div>
</ChatSelector>
`;
