// Jest Snapshot v1, https://goo.gl/fbAQLP

exports[`ChatSelector Component Snapshot Test: Default, empty chatroomList 1`] = `
<ChatSelector>
  <div
    className="chat-selector"
  >
    <label
      htmlFor="chat-select"
    >
      Chat Room:
    </label>
    <select
      id="chat-select"
      name="chat-select"
      onChange={[Function]}
    />
  </div>
</ChatSelector>
`;
