// Jest Snapshot v1, https://goo.gl/fbAQLP

exports[`SearchInput Component Snapshot Test: Default 1`] = `
<form
  className="search-input-form"
>
  <label
    htmlFor="search-input"
  >
    Embed:
  </label>
  <input
    id="search-input"
    name="search-input"
    onChange={[Function]}
    type="text"
    value=""
  />
  <button
    disabled={true}
    onClick={[Function]}
    type="submit"
  >
    Search
  </button>
</form>
`;
