// Jest Snapshot v1, https://goo.gl/fbAQLP

exports[`SearchInput Component Snapshot Test: Default 1`] = `
<form
  className="chat-input-form"
>
  <div
    className="chat-input-flex-div"
  >
    <label
      htmlFor="search-input"
    >
      YouTube:
    </label>
    <input
      id="search-input"
      name="search-input"
      onChange={[Function]}
      placeholder="Search by song, artist, etc."
      type="text"
      value=""
    />
    <button
      disabled={true}
      onClick={[Function]}
      type="submit"
    >
      Search
    </button>
  </div>
</form>
`;
