// Jest Snapshot v1, https://goo.gl/fbAQLP

exports[`SearchResults Component Snapshot Test: Default 1`] = `
<div
  className="search-results-div"
>
  <ol
    className="search-results-ol"
  >
    <button
      className="cancel-button"
      type="button"
    >
      Cancel
    </button>
  </ol>
</div>
`;
