// Jest Snapshot v1, https://goo.gl/fbAQLP

exports[`HeaderComponent Component Snapshot Test: Default 1`] = `
<header
  style={
    Object {
      "margin": "2rem 0",
      "textAlign": "center",
    }
  }
>
  <h1
    style={
      Object {
        "fontFamily": "monospace",
        "fontSize": "4rem",
      }
    }
  >
    Music Chat
  </h1>
</header>
`;
