// Jest Snapshot v1, https://goo.gl/fbAQLP

exports[`ChatInput Component Snapshot Test: Default 1`] = `
<div>
  <form>
    <label
      htmlFor="input-box"
    >
      Message:
    </label>
    <textarea
      id="input-box"
      name="input-box"
      onChange={[Function]}
      value=""
    />
    <button
      disabled={true}
      onClick={[Function]}
      type="submit"
    >
      Send
    </button>
    <button
      disabled={true}
      onClick={[Function]}
      type="submit"
    >
      Search
    </button>
  </form>
</div>
`;
