// Jest Snapshot v1, https://goo.gl/fbAQLP

exports[`LandingPage Component Snapshot Test: Default 1`] = `
<Fragment>
  <HeaderComponent />
  <main>
    <p>
      Share music across the globe. 
      <br />
      Enter a name to get started.
    </p>
    <form
      onSubmit={[Function]}
    >
      <label
        htmlFor="choose-username"
      >
        Name / Nickname:
      </label>
      <input
        id="choose-username"
        name="choose-username"
        onChange={[Function]}
        type="text"
      />
      <button
        disabled="Name must be 2 characters or more"
        type="submit"
      >
        Chat
      </button>
    </form>
  </main>
</Fragment>
`;
