// Jest Snapshot v1, https://goo.gl/fbAQLP

exports[`LandingPage Component Snapshot Test: Default, Empty Name 1`] = `
<LandingPage>
  <HeaderComponent>
    <header>
      <h1>
        Music Chat
      </h1>
    </header>
  </HeaderComponent>
  <main>
    <p>
      Share music across the globe. Choose a name to get started.
    </p>
    <form
      onSubmit={[Function]}
    >
      <label
        htmlFor="choose-name"
      >
        Name / Nickname:
      </label>
      <input
        id="choose-name"
        name="choose-name"
        onChange={[Function]}
        type="text"
      />
      <button
        disabled="Name must be 2 characters or more"
        type="submit"
      >
        Chat
      </button>
    </form>
  </main>
</LandingPage>
`;
