// Jest Snapshot v1, https://goo.gl/fbAQLP

exports[`LandingPage Component Snapshot Test: Default 1`] = `
<Fragment>
  <HeaderComponent />
  <main
    className="landing-page-main"
  >
    <p>
      Welcome to Music Chat Worldwide! Discuss music with friends and strangers across the globe. Swap between chat rooms at your leisure and easily embed videos from YouTube. Enter your name below to get started.
    </p>
    <form
      onSubmit={[Function]}
    >
      <label
        htmlFor="choose-username"
      >
        Name / Nickname
      </label>
      <br />
      <input
        id="choose-username"
        name="choose-username"
        onChange={[Function]}
        type="text"
        value=""
      />
      <br />
      <button
        disabled="Name must be 1 character or more"
        type="submit"
      >
        Chat
      </button>
    </form>
  </main>
</Fragment>
`;
