// Jest Snapshot v1, https://goo.gl/fbAQLP

exports[`App Component Snapshot Test: Empty 1`] = `
<ContextProvider
  value={
    Object {
      "chatroomList": Array [
        "Global",
        "Artists",
        "Songs",
      ],
      "currentChatroom": "Global",
      "messages": Object {
        "Artists": Array [
          "Jerry: Have you heard of Timbo?",
          "Timbo: Yes",
          "Jerry: He is really good",
          "Timbo: No",
        ],
        "Global": Array [
          "Jack: Music Chat",
          "Jac: Hear the sounds of the symphony",
          "Ja: Yes I can hear",
          "J: The end",
        ],
        "Songs": Array [
          "Chester: I wrote a song",
          "Hubert: About what?",
          "Chester: You, Hubert. It's about you Hubert",
        ],
      },
      "name": "",
      "sendMessage": [Function],
      "updateChatroom": [Function],
      "updateName": [Function],
    }
  }
>
  <Switch>
    <Route
      component={[Function]}
      exact={true}
      path="/"
    />
    <Route
      component={[Function]}
      exact={true}
      path="/chat"
    />
  </Switch>
</ContextProvider>
`;
