// Jest Snapshot v1, https://goo.gl/fbAQLP

exports[`ChatSelector Component Snapshot Test: Default 1`] = `
<form
  className="chat-selector-form"
>
  <label
    htmlFor="chat-select"
  >
    Chatroom: 
  </label>
  <select
    id="chat-select"
    name="chat-select"
    onChange={[Function]}
  />
  <button
    type="button"
  >
    Create Chatroom
  </button>
  <p />
</form>
`;
