// Jest Snapshot v1, https://goo.gl/fbAQLP

exports[`MessageInput Component Snapshot Test: Default 1`] = `
<form
  className="chat-input-form"
>
  <div
    className="chat-input-flex-div"
  >
    <label
      htmlFor="message-input"
    >
      Chat:
    </label>
    <input
      id="message-input"
      name="message-input"
      onChange={[Function]}
      placeholder="Send a message to chat"
      type="text"
      value=""
    />
    <button
      disabled={true}
      onClick={[Function]}
      type="submit"
    >
      Send
    </button>
  </div>
</form>
`;
