// Jest Snapshot v1, https://goo.gl/fbAQLP

exports[`MessageInput Component Snapshot Test: Default 1`] = `
<form
  className="message-input-form"
>
  <label
    htmlFor="message-input"
  >
    Chat:
  </label>
  <input
    id="message-input"
    name="message-input"
    onChange={[Function]}
    type="text"
    value=""
  />
  <button
    disabled={true}
    onClick={[Function]}
    type="submit"
  >
    Send
  </button>
</form>
`;
