// Jest Snapshot v1, https://goo.gl/fbAQLP

exports[`ChatPage Component Snapshot Test: Default 1`] = `
<Fragment>
  <HeaderComponent />
  <main>
    <ChatSelector
      chatroomList={
        Array [
          "Global",
          "Artists",
          "Songs",
        ]
      }
      updateCurrentChatroom={[Function]}
    />
    <ChatConvo
      currentChatroom="Global"
      messages={
        Object {
          "Artists": Array [
            "Jerry: Have you heard of Timbo?",
            "Timbo: Yes",
            "Jerry: He is really good",
            "Timbo: No",
          ],
          "Global": Array [
            "Jack: Music Chat",
            "Jac: Hear the sounds of the symphony",
            "Ja: Yes I can hear the cacophony",
            "J: Phony, real phony",
          ],
          "Songs": Array [
            "Chester: I wrote a song",
            "Hubert: About what?",
            "Chester: You, Hubert. It's about you Hubert",
          ],
        }
      }
    />
    <ChatInput
      sendMessage={[Function]}
    />
  </main>
</Fragment>
`;
