// Jest Snapshot v1, https://goo.gl/fbAQLP

exports[`ChatPage Component Snapshot Test: Default 1`] = `
<main
  className="chat-page-main"
>
  <ChatSelector
    chatroomList={Array []}
    currentChatroom={Object {}}
    displayNewChatroom={[Function]}
    updateCurrentChatroom={[Function]}
  />
  <ChatConvo
    currentChatroom={Object {}}
    messages={
      Object {
        "Artists": Array [
          Object {
            "contentId": "",
            "contentType": "text",
            "message": "Have you heard of Timbo?",
            "username": "Jerry",
          },
          Object {
            "contentId": "",
            "contentType": "text",
            "message": "Yes",
            "username": "Timbo",
          },
          Object {
            "contentId": "",
            "contentType": "text",
            "message": "He's really good",
            "username": "Jerry",
          },
          Object {
            "contentId": "",
            "contentType": "text",
            "message": "No",
            "username": "Timbo",
          },
        ],
        "Doin' Time": Array [
          Object {
            "contentId": "",
            "contentType": "text",
            "message": "Alright we got songs.",
            "username": "Nick",
          },
          Object {
            "contentId": "",
            "contentType": "text",
            "message": "Summertime and the coding is not easy",
            "username": "Jack",
          },
          Object {
            "contentId": "",
            "contentType": "text",
            "message": "Ain't no thang...",
            "username": "Nick",
          },
        ],
        "Global": Array [
          Object {
            "contentId": "",
            "contentType": "text",
            "message": "Music Chat, Baby.",
            "username": "Alicia",
          },
          Object {
            "contentId": "",
            "contentType": "text",
            "message": "You Don't Know My Name.",
            "username": "Jack",
          },
          Object {
            "contentId": "",
            "contentType": "text",
            "message": "But I know you're Unbreakable.",
            "username": "Alicia",
          },
          Object {
            "contentId": "",
            "contentType": "text",
            "message": "If I Ain't Got You, who would I be?",
            "username": "Jack",
          },
          Object {
            "contentId": "rywUS-ohqeE",
            "contentType": "youtube video",
            "message": "",
            "username": "Alicia",
          },
        ],
        "Mood": Array [
          Object {
            "contentId": "",
            "contentType": "text",
            "message": "My mood is sassy cuz it's hot and I'm listening to Milkshake",
            "username": "Brownie",
          },
          Object {
            "contentId": "",
            "contentType": "text",
            "message": "I'm so chilled out listening to Baby Take Off Your Cool",
            "username": "Basil",
          },
          Object {
            "contentId": "",
            "contentType": "text",
            "message": "Damn, that's fresh Basil",
            "username": "Brownie",
          },
        ],
        "Playlists": Array [
          Object {
            "contentId": "",
            "contentType": "text",
            "message": "Let's share playlists",
            "username": "Dalbert",
          },
          Object {
            "contentId": "",
            "contentType": "text",
            "message": "Ok",
            "username": "Jack",
          },
          Object {
            "contentId": "",
            "contentType": "text",
            "message": "Please send Lorde to my estate",
            "username": "Dalbert",
          },
          Object {
            "contentId": "",
            "contentType": "text",
            "message": "She'll be escorted by 20 Golden Kiwis",
            "username": "Jack",
          },
        ],
        "Songs": Array [
          Object {
            "contentId": "",
            "contentType": "text",
            "message": "I wrote a song",
            "username": "Chester",
          },
          Object {
            "contentId": "",
            "contentType": "text",
            "message": "About what?",
            "username": "Hubert",
          },
          Object {
            "contentId": "",
            "contentType": "text",
            "message": "It's about you Hubert",
            "username": "Chester",
          },
        ],
      }
    }
  />
  <ChatInput
    sendMessage={[Function]}
    setSearchResults={[Function]}
  />
</main>
`;
